1
2
6
24
120
720
5040
40320
362880
3628800
test.koka(2, 7): type warning: n shadows an earlier local definition or parameter

